Copying Tree
Copied
Closing input
Starting cut number 1
Current number of entries = 0
nCut 1, using full file
New number of entries = 0
Creating CSV file Run2025C_muon0_ZMu_150X_dataRun3_Prompt_v1_backprop.csv
Creating error CSV file Run2025C_muon0_ZMu_150X_dataRun3_Prompt_v1_backprop_error.csv
Starting Chamber loop
at chamber -101 and layer 1
About to copy tree
Entries are on chamber are 0
at chamber -101 and layer 2
About to copy tree
Entries are on chamber are 0
at chamber -102 and layer 1
About to copy tree
Entries are on chamber are 0
at chamber -102 and layer 2
About to copy tree
Entries are on chamber are 0
at chamber -103 and layer 1
About to copy tree
Entries are on chamber are 0
at chamber -103 and layer 2
About to copy tree
Entries are on chamber are 0
at chamber -104 and layer 1
About to copy tree
Entries are on chamber are 0
at chamber -104 and layer 2
About to copy tree
Entries are on chamber are 0
at chamber -105 and layer 1
About to copy tree
Entries are on chamber are 0
at chamber -105 and layer 2
About to copy tree
Entries are on chamber are 0
at chamber -106 and layer 1
About to copy tree
Entries are on chamber are 0
at chamber -106 and layer 2
About to copy tree
Entries are on chamber are 0
at chamber -107 and layer 1
About to copy tree
Entries are on chamber are 0
at chamber -107 and layer 2
About to copy tree
Entries are on chamber are 0
at chamber -108 and layer 1
About to copy tree
Entries are on chamber are 0
at chamber -108 and layer 2
About to copy tree
Entries are on chamber are 0
at chamber -109 and layer 1
About to copy tree
Entries are on chamber are 0
at chamber -109 and layer 2
About to copy tree
Entries are on chamber are 0
at chamber -110 and layer 1
About to copy tree
Entries are on chamber are 0
at chamber -110 and layer 2
About to copy tree
Entries are on chamber are 0
at chamber -111 and layer 1
About to copy tree
Entries are on chamber are 0
at chamber -111 and layer 2
About to copy tree
Entries are on chamber are 0
at chamber -112 and layer 1
About to copy tree
Entries are on chamber are 0
at chamber -112 and layer 2
About to copy tree
Entries are on chamber are 0
at chamber -113 and layer 1
About to copy tree
Entries are on chamber are 0
at chamber -113 and layer 2
About to copy tree
Entries are on chamber are 0
at chamber -114 and layer 1
About to copy tree
Entries are on chamber are 0
at chamber -114 and layer 2
About to copy tree
Entries are on chamber are 0
at chamber -115 and layer 1
About to copy tree
Entries are on chamber are 0
at chamber -115 and layer 2
About to copy tree
Entries are on chamber are 0
at chamber -116 and layer 1
About to copy tree
Entries are on chamber are 0
at chamber -116 and layer 2
About to copy tree
Entries are on chamber are 0
at chamber -117 and layer 1
About to copy tree
Entries are on chamber are 0
at chamber -117 and layer 2
About to copy tree
Entries are on chamber are 0
at chamber -118 and layer 1
About to copy tree
Entries are on chamber are 0
at chamber -118 and layer 2
About to copy tree
Entries are on chamber are 0
at chamber -119 and layer 1
About to copy tree
Entries are on chamber are 0
at chamber -119 and layer 2
About to copy tree
Entries are on chamber are 0
at chamber -120 and layer 1
About to copy tree
Entries are on chamber are 0
at chamber -120 and layer 2
About to copy tree
Entries are on chamber are 0
at chamber -121 and layer 1
About to copy tree
Entries are on chamber are 0
at chamber -121 and layer 2
About to copy tree
Entries are on chamber are 0
at chamber -122 and layer 1
About to copy tree
Entries are on chamber are 0
at chamber -122 and layer 2
About to copy tree
Entries are on chamber are 0
at chamber -123 and layer 1
About to copy tree
Entries are on chamber are 0
at chamber -123 and layer 2
About to copy tree
Entries are on chamber are 0
at chamber -124 and layer 1
About to copy tree
Entries are on chamber are 0
at chamber -124 and layer 2
About to copy tree
Entries are on chamber are 0
at chamber -125 and layer 1
About to copy tree
Entries are on chamber are 0
at chamber -125 and layer 2
About to copy tree
Entries are on chamber are 0
at chamber -126 and layer 1
About to copy tree
Entries are on chamber are 0
at chamber -126 and layer 2
About to copy tree
Entries are on chamber are 0
at chamber -127 and layer 1
About to copy tree
Entries are on chamber are 0
at chamber -127 and layer 2
About to copy tree
Entries are on chamber are 0
at chamber -128 and layer 1
About to copy tree
Entries are on chamber are 0
at chamber -128 and layer 2
About to copy tree
Entries are on chamber are 0
at chamber -129 and layer 1
About to copy tree
Entries are on chamber are 0
at chamber -129 and layer 2
About to copy tree
Entries are on chamber are 0
at chamber -130 and layer 1
About to copy tree
Entries are on chamber are 0
at chamber -130 and layer 2
About to copy tree
Entries are on chamber are 0
at chamber -131 and layer 1
About to copy tree
Entries are on chamber are 0
at chamber -131 and layer 2
About to copy tree
Entries are on chamber are 0
at chamber -132 and layer 1
About to copy tree
Entries are on chamber are 0
at chamber -132 and layer 2
About to copy tree
Entries are on chamber are 0
at chamber -133 and layer 1
About to copy tree
Entries are on chamber are 0
at chamber -133 and layer 2
About to copy tree
Entries are on chamber are 0
at chamber -134 and layer 1
About to copy tree
Entries are on chamber are 0
at chamber -134 and layer 2
About to copy tree
Entries are on chamber are 0
at chamber -135 and layer 1
About to copy tree
Entries are on chamber are 0
at chamber -135 and layer 2
About to copy tree
Entries are on chamber are 0
at chamber -136 and layer 1
About to copy tree
Entries are on chamber are 0
at chamber -136 and layer 2
About to copy tree
Entries are on chamber are 0
at chamber 101 and layer 1
About to copy tree
Entries are on chamber are 0
at chamber 101 and layer 2
About to copy tree
Entries are on chamber are 0
at chamber 102 and layer 1
About to copy tree
Entries are on chamber are 0
at chamber 102 and layer 2
About to copy tree
Entries are on chamber are 0
at chamber 103 and layer 1
About to copy tree
Entries are on chamber are 0
at chamber 103 and layer 2
About to copy tree
Entries are on chamber are 0
at chamber 104 and layer 1
About to copy tree
Entries are on chamber are 0
at chamber 104 and layer 2
About to copy tree
Entries are on chamber are 0
at chamber 105 and layer 1
About to copy tree
Entries are on chamber are 0
at chamber 105 and layer 2
About to copy tree
Entries are on chamber are 0
at chamber 106 and layer 1
About to copy tree
Entries are on chamber are 0
at chamber 106 and layer 2
About to copy tree
Entries are on chamber are 0
at chamber 107 and layer 1
About to copy tree
Entries are on chamber are 0
at chamber 107 and layer 2
About to copy tree
Entries are on chamber are 0
at chamber 108 and layer 1
About to copy tree
Entries are on chamber are 0
at chamber 108 and layer 2
About to copy tree
Entries are on chamber are 0
at chamber 109 and layer 1
About to copy tree
Entries are on chamber are 0
at chamber 109 and layer 2
About to copy tree
Entries are on chamber are 0
at chamber 110 and layer 1
About to copy tree
Entries are on chamber are 0
at chamber 110 and layer 2
About to copy tree
Entries are on chamber are 0
at chamber 111 and layer 1
About to copy tree
Entries are on chamber are 0
at chamber 111 and layer 2
About to copy tree
Entries are on chamber are 0
at chamber 112 and layer 1
About to copy tree
Entries are on chamber are 0
at chamber 112 and layer 2
About to copy tree
Entries are on chamber are 0
at chamber 113 and layer 1
About to copy tree
Entries are on chamber are 0
at chamber 113 and layer 2
About to copy tree
Entries are on chamber are 0
at chamber 114 and layer 1
About to copy tree
Entries are on chamber are 0
at chamber 114 and layer 2
About to copy tree
Entries are on chamber are 0
at chamber 115 and layer 1
About to copy tree
Entries are on chamber are 0
at chamber 115 and layer 2
About to copy tree
Entries are on chamber are 0
at chamber 116 and layer 1
About to copy tree
Entries are on chamber are 0
at chamber 116 and layer 2
About to copy tree
Entries are on chamber are 0
at chamber 117 and layer 1
About to copy tree
Entries are on chamber are 0
at chamber 117 and layer 2
About to copy tree
Entries are on chamber are 0
at chamber 118 and layer 1
About to copy tree
Entries are on chamber are 0
at chamber 118 and layer 2
About to copy tree
Entries are on chamber are 0
at chamber 119 and layer 1
About to copy tree
Entries are on chamber are 0
at chamber 119 and layer 2
About to copy tree
Entries are on chamber are 0
at chamber 120 and layer 1
About to copy tree
Entries are on chamber are 0
at chamber 120 and layer 2
About to copy tree
Entries are on chamber are 0
at chamber 121 and layer 1
About to copy tree
Entries are on chamber are 0
at chamber 121 and layer 2
About to copy tree
Entries are on chamber are 0
at chamber 122 and layer 1
About to copy tree
Entries are on chamber are 0
at chamber 122 and layer 2
About to copy tree
Entries are on chamber are 0
at chamber 123 and layer 1
About to copy tree
Entries are on chamber are 0
at chamber 123 and layer 2
About to copy tree
Entries are on chamber are 0
at chamber 124 and layer 1
About to copy tree
Entries are on chamber are 0
at chamber 124 and layer 2
About to copy tree
Entries are on chamber are 0
at chamber 125 and layer 1
About to copy tree
Entries are on chamber are 0
at chamber 125 and layer 2
About to copy tree
Entries are on chamber are 0
at chamber 126 and layer 1
